[centralkastoriahouses.gr/index.html]
[backblue.gif]
[fade.gif]
[index.html]
[centralkastoriahouses.gr/_astro-1738691811136/_slug_.425KZIM7.css]
[centralkastoriahouses.gr/t]
[assets.zyrosite.com/cdn-cgi/image/format=auto,w=136,fit=crop,q=95/AGB64eZ1E0H835lp/logo-YbNv9KnJOOUPq2BE.png]
[centralkastoriahouses.gr/diamerismata.html]
[centralkastoriahouses.gr/topo8esia.html]
[centralkastoriahouses.gr/epikoinwnia.html]
[assets.zyrosite.com/cdn-cgi/image/format=auto,w=1920,fit=crop/AGB64eZ1E0H835lp/20241230-_pou0166-2-dJo5QRr0MDc1Bvn9.jpg]
[centralkastoriahouses.gr/centralkastoriahousetwo.html]
[assets.zyrosite.com/cdn-cgi/image/format=auto,w=503,h=480,fit=crop/AGB64eZ1E0H835lp/20241230-_pou0166-Aq2qg4yQXJFbJ9po.jpg]
[assets.zyrosite.com/cdn-cgi/image/format=auto,w=158,h=200,fit=crop/AGB64eZ1E0H835lp/20241230-_pou0166-Aq2qg4yQXJFbJ9po.jpg]
[centralkastoriahouses.gr/centralkastoriahouseone.html]
[assets.zyrosite.com/cdn-cgi/image/format=auto,w=503,h=480,fit=crop/AGB64eZ1E0H835lp/20250104-_pou0314-YNqPQRVxMlunoeav.jpg]
[assets.zyrosite.com/cdn-cgi/image/format=auto,w=158,h=199,fit=crop/AGB64eZ1E0H835lp/20250104-_pou0314-YNqPQRVxMlunoeav.jpg]
[centralkastoriahouses.gr/index.html]
[centralkastoriahouses.gr/_astro-1738691811136/_slug_.425KZIM7.css]
[centralkastoriahouses.gr/t.html]
[assets.zyrosite.com/cdn-cgi/image/format=auto,w=449,h=445,fit=crop/AGB64eZ1E0H835lp/20250104-_pou0314-YNqPQRVxMlunoeav.jpg]
[assets.zyrosite.com/cdn-cgi/image/format=auto,w=158,h=168,fit=crop/AGB64eZ1E0H835lp/20250104-_pou0314-YNqPQRVxMlunoeav.jpg]
[assets.zyrosite.com/cdn-cgi/image/format=auto,w=431,h=427,fit=crop/AGB64eZ1E0H835lp/20241230-_pou0166-Aq2qg4yQXJFbJ9po.jpg]
[assets.zyrosite.com/cdn-cgi/image/format=auto,w=158,h=168,fit=crop/AGB64eZ1E0H835lp/20241230-_pou0166-Aq2qg4yQXJFbJ9po.jpg]
[centralkastoriahouses.gr/diamerismata.html]
[centralkastoriahouses.gr/topo8esia.html]
[centralkastoriahouses.gr/epikoinwnia.html]
[assets.zyrosite.com/cdn-cgi/image/format=auto,w=398,h=398,fit=crop/AGB64eZ1E0H835lp/20241230-_pou0166-Aq2qg4yQXJFbJ9po.jpg]
[assets.zyrosite.com/cdn-cgi/image/format=auto,w=398,h=398,fit=crop/AGB64eZ1E0H835lp/20241230-_pou0156-ALp7yRwLVxt6Q46V.jpg]
[assets.zyrosite.com/cdn-cgi/image/format=auto,w=398,h=398,fit=crop/AGB64eZ1E0H835lp/20250102-_pou0281-Yleqgwk1B7H9V1zP.jpg]
[assets.zyrosite.com/cdn-cgi/image/format=auto,w=398,h=398,fit=crop/AGB64eZ1E0H835lp/20241230-_pou0151-m5KLJRxDD5iX7WZ5.jpg]
[assets.zyrosite.com/cdn-cgi/image/format=auto,w=398,h=398,fit=crop/AGB64eZ1E0H835lp/20241230-_pou0194-AR0M8P4zklIkZQql.jpg]
[assets.zyrosite.com/cdn-cgi/image/format=auto,w=398,h=398,fit=crop/AGB64eZ1E0H835lp/20241230-_pou0206-m2WaNR5Pj6HbJqNz.jpg]
[assets.zyrosite.com/cdn-cgi/image/format=auto,w=398,h=398,fit=crop/AGB64eZ1E0H835lp/20241230-_pou0141-m5KLJRxg9ECjePK8.jpg]
[assets.zyrosite.com/cdn-cgi/image/format=auto,w=398,h=398,fit=crop/AGB64eZ1E0H835lp/20241230-_pou0126-mnlqgQEwKPFWLkNW.jpg]
[assets.zyrosite.com/cdn-cgi/image/format=auto,w=398,h=398,fit=crop/AGB64eZ1E0H835lp/20241230-_pou0121-mk3qgbxaGktpNj5v.jpg]
[assets.zyrosite.com/cdn-cgi/image/format=auto,w=398,h=398,fit=crop/AGB64eZ1E0H835lp/20241230-_pou0111-YNqPQRoG34fpvBMk.jpg]
[assets.zyrosite.com/cdn-cgi/image/format=auto,w=398,h=398,fit=crop/AGB64eZ1E0H835lp/20241230-_pou0094-mePbqzX7oZSe02b5.jpg]
[assets.zyrosite.com/cdn-cgi/image/format=auto,w=398,h=398,fit=crop/AGB64eZ1E0H835lp/20241230-_pou0221-m7V5QRgnXlCo2jKV.jpg]
[assets.zyrosite.com/cdn-cgi/image/format=auto,w=398,h=398,fit=crop/AGB64eZ1E0H835lp/outside-YD0BQRnMOLu5BBa9.jpg]
[assets.zyrosite.com/cdn-cgi/image/format=auto,w=398,h=398,fit=crop/AGB64eZ1E0H835lp/20241019_175247-mk3qgbxO0vuzzGzn.jpg]
[assets.zyrosite.com/cdn-cgi/image/format=auto,w=398,h=398,fit=crop/AGB64eZ1E0H835lp/20250104-_pou0428-Yg2q6NkDQwtQLDb1.jpg]
[centralkastoriahouses.gr/centralkastoriahousetwo.html]
[assets.zyrosite.com/cdn-cgi/image/format=auto,w=398,h=398,fit=crop/AGB64eZ1E0H835lp/20250104-_pou0314-YNqPQRVxMlunoeav.jpg]
[assets.zyrosite.com/cdn-cgi/image/format=auto,w=398,h=398,fit=crop/AGB64eZ1E0H835lp/20250104-_pou0319-dOq8nR6LX3hPlDqN.jpg]
[assets.zyrosite.com/cdn-cgi/image/format=auto,w=398,h=398,fit=crop/AGB64eZ1E0H835lp/20250104-_pou0323-Y4LxWR6qpQiMLWkn.jpg]
[assets.zyrosite.com/cdn-cgi/image/format=auto,w=398,h=398,fit=crop/AGB64eZ1E0H835lp/20250104-_pou0337-Yg2q6NkD7eUr4G3N.jpg]
[assets.zyrosite.com/cdn-cgi/image/format=auto,w=398,h=398,fit=crop/AGB64eZ1E0H835lp/20250104-_pou0368-AzG3g216OrCnD4Qj.jpg]
[assets.zyrosite.com/cdn-cgi/image/format=auto,w=398,h=398,fit=crop/AGB64eZ1E0H835lp/20250104-_pou0383-YNqPQRVxz6c1n6bJ.jpg]
[assets.zyrosite.com/cdn-cgi/image/format=auto,w=398,h=398,fit=crop/AGB64eZ1E0H835lp/20250104-_pou0409-AwvDgl1zwxFGOR6M.jpg]
[assets.zyrosite.com/cdn-cgi/image/format=auto,w=398,h=398,fit=crop/AGB64eZ1E0H835lp/20250104-_pou0389-YZ9xB10JZWiGvark.jpg]
[centralkastoriahouses.gr/centralkastoriahouseone.html]
